[NOTICE] This is notice level 
[ERROR ] This is error level 
