[NOTICE] This is notice level 
[WARN  ] This is warning level 
[ERROR ] This is error level 
