[INFO  ] This is info level 
[INFO  ] This is info level 
[INFO  ] This is info level 
[INFO  ] This is info level 
[INFO  ] This is info level 
[INFO  ] This is info level 
[INFO  ] This is info level 
[OK    ] This is success level 
[NOTICE] This is notice level 
[WARN  ] This is warning level 
[ERROR ] This is error level 
