[38;5;246m2000-01-01 00:00:00+00:00 [TRACE ] This is trace level [0m
[38;5;246m2000-01-01 00:00:00+00:00 [TRACE ] This is trace level [0m
[38;5;246m2000-01-01 00:00:00+00:00 [TRACE ] This is trace level [0m
[38;5;250m2000-01-01 00:00:00+00:00 [DEBUG ] This is debug level [0m
[38;5;250m2000-01-01 00:00:00+00:00 [DEBUG ] This is debug level [0m
2000-01-01 00:00:00+00:00 [INFO  ] This is info level 
2000-01-01 00:00:00+00:00 [INFO  ] This is info level 
2000-01-01 00:00:00+00:00 [INFO  ] This is info level 
2000-01-01 00:00:00+00:00 [INFO  ] This is info level 
2000-01-01 00:00:00+00:00 [INFO  ] This is info level 
2000-01-01 00:00:00+00:00 [INFO  ] This is info level 
2000-01-01 00:00:00+00:00 [INFO  ] This is info level 
[38;5;83m2000-01-01 00:00:00+00:00 [OK    ] This is success level [0m
[38;5;81m2000-01-01 00:00:00+00:00 [NOTICE] This is notice level [0m
[38;5;214m2000-01-01 00:00:00+00:00 [WARN  ] This is warning level [0m
[38;5;197m2000-01-01 00:00:00+00:00 [ERROR ] This is error level [0m
