[38;5;250m2000-01-01 00:00:00+00:00 [DEBUG ] This is debug level [0m
2000-01-01 00:00:00+00:00 [INFO  ] This is info level [0m
[38;5;83m2000-01-01 00:00:00+00:00 [OK    ] This is success level [0m
[38;5;81m2000-01-01 00:00:00+00:00 [NOTICE] This is notice level [0m
[38;5;214m2000-01-01 00:00:00+00:00 [WARN  ] This is warning level [0m
[38;5;197m2000-01-01 00:00:00+00:00 [ERROR ] This is error level [0m
[38;5;250m2000-01-01 00:00:00+00:00 [DEBUG ] This is step_debug level [0m
2000-01-01 00:00:00+00:00 [INFO  ] This is step_info level [0m
[38;5;83m2000-01-01 00:00:00+00:00 [OK    ] This is step_success level [0m
[38;5;81m2000-01-01 00:00:00+00:00 [NOTICE] This is step_notice level [0m
[38;5;214m2000-01-01 00:00:00+00:00 [WARN  ] This is step_warning level [0m
[38;5;197m2000-01-01 00:00:00+00:00 [ERROR ] This is step_error level [0m
