[38;5;197m2000-01-01 00:00:00+00:00 [ERROR ] This is error level [0m
[38;5;197m2000-01-01 00:00:00+00:00 [ERROR ] This is step_error level [0m
