[38;5;246mâ€¢ LOG_FMT=pretty [0m
[38;5;250mâ€¢ This is debug level [0m
â€¢ This is info level [0m
[38;5;83mâ€¢ This is success level [0m
[38;5;81mâ€¢ This is notice level [0m
[38;5;214mâ€¢ This is warning level [0m
[38;5;197mâ€¢ This is error level [0m
[38;5;246m  - LOG_FMT_STEP= [0m
[38;5;250m  - This is step_debug level [0m
  - This is step_info level [0m
[38;5;83m  - This is step_success level [0m
[38;5;81m  - This is step_notice level [0m
[38;5;214m  - This is step_warning level [0m
[38;5;197m  - This is step_error level [0m
