2000-01-01 00:00:00+00:00 [ERROR ] This is error level 
2000-01-01 00:00:00+00:00 [ERROR ] This is step_error level 
