[38;5;81mâ€¢ This is notice level [0m
[38;5;197mâ€¢ This is error level [0m
[38;5;81m  â€¢ This is indent=1 notice level With extra message filed [0m
[38;5;197m  â€¢ This is indent=1 error level With extra message filed [0m
[38;5;81m    â€¢ This is indent=2 notice level With extra message filed [0m
[38;5;197m    â€¢ This is indent=2 error level With extra message filed [0m
[38;5;81m      â€¢ This is indent=3 notice level With extra message filed [0m
[38;5;197m      â€¢ This is indent=3 error level With extra message filed [0m
[38;5;81mâ€¢ This is indent=reset notice level With extra message filed [0m
[38;5;197mâ€¢ This is indent=reset error level With extra message filed [0m
[38;5;81m  â€¢ This is indent=1 notice level With extra message filed [0m
[38;5;197m  â€¢ This is indent=1 error level With extra message filed [0m
[38;5;81m          â€¢ This is indent=5 notice level With extra message filed [0m
[38;5;197m          â€¢ This is indent=5 error level With extra message filed [0m
