[38;5;246mâ€¢ LOG_FMT=pretty [0m
[38;5;250mâ€¢ This is debug level [0m
â€¢ This is info level 
[38;5;83mâ€¢ This is ok level [0m
[38;5;81mâ€¢ This is notice level [0m
[38;5;214mâ€¢ This is warning level [0m
[38;5;197mâ€¢ This is error level [0m
[38;5;246m  - LOG_FMT=pretty [0m
[38;5;250m  - This is debug level [0m
  - This is info level 
[38;5;83m  - This is ok level [0m
[38;5;81m  - This is notice level [0m
[38;5;214m  - This is warning level [0m
[38;5;197m  - This is error level [0m
