2000-01-01 00:00:00+00:00 [TRACE ] LOG_FMT=full 
2000-01-01 00:00:00+00:00 [DEBUG ] This is debug level 
2000-01-01 00:00:00+00:00 [INFO  ] This is info level 
2000-01-01 00:00:00+00:00 [OK    ] This is ok level 
2000-01-01 00:00:00+00:00 [NOTICE] This is notice level 
2000-01-01 00:00:00+00:00 [WARN  ] This is warning level 
2000-01-01 00:00:00+00:00 [ERROR ] This is error level 
2000-01-01 00:00:00+00:00 [TRACE ] LOG_FMT=full 
2000-01-01 00:00:00+00:00 [DEBUG ] This is debug level 
2000-01-01 00:00:00+00:00 [INFO  ] This is info level 
2000-01-01 00:00:00+00:00 [OK    ] This is ok level 
2000-01-01 00:00:00+00:00 [NOTICE] This is notice level 
2000-01-01 00:00:00+00:00 [WARN  ] This is warning level 
2000-01-01 00:00:00+00:00 [ERROR ] This is error level 
