[38;5;197mâ€¢ This is error level 
[38;5;197m  - This is error level 
