[38;5;250mâ€¢ This is debug level 
â€¢ This is info level 
[38;5;83mâ€¢ This is ok level 
[38;5;81mâ€¢ This is notice level 
[38;5;214mâ€¢ This is warning level 
[38;5;197mâ€¢ This is error level 
[38;5;250m  - This is debug level 
  - This is info level 
[38;5;83m  - This is ok level 
[38;5;81m  - This is notice level 
[38;5;214m  - This is warning level 
[38;5;197m  - This is error level 
